<?xml version="1.0" encoding="ISO-8859-1"?>
<!DOCTYPE sitemap PUBLIC "SOFIA Site Map" "http://www.salmonllc.com/sofiaExamples/sitemap.dtd">
<siteMap>

	<entry>
    	<name>LkpProveedores</name>
     	<uri>/Jsp/LkpProveedores.jsp</uri>
     	<useForward>false</useForward>
     	<secure>false</secure>
  	</entry>

	<entry>
     	<name>AbmcUnidadesMedida</name>
    	<uri>/Jsp/AbmcUnidadesMedida.jsp</uri>
		<useForward>false</useForward>
		<secure>false</secure>
	</entry>

	<entry>
    	<name>EditarOrdenCompra</name>
     	<uri>/Jsp/EditarOrdenCompra.jsp</uri>
     	<useForward>false</useForward>
     	<secure>false</secure>
  	</entry>

	<entry>
    	<name>LkpAtributosRol</name>
     	<uri>/Jsp/LkpAtributosRol.jsp</uri>
     	<useForward>false</useForward>
     	<secure>false</secure>
  	</entry>

	<entry>
    	<name>ConsultaOrdenesCompra</name>
     	<uri>/Jsp/ConsultaOrdenesCompra.jsp</uri>
     	<useForward>false</useForward>
     	<secure>false</secure>
  	</entry>

	<entry>
    	<name>LkpOrdenesCompra</name>
     	<uri>/Jsp/LkpOrdenesCompra.jsp</uri>
     	<useForward>false</useForward>
     	<secure>false</secure>
  	</entry>

  <entry>
     <name>GenerarOrdenesCompra</name>
     <uri>/Jsp/GenerarOrdenesCompra.jsp</uri>
     <useForward>false</useForward>
     <secure>false</secure>
  </entry>

	<entry>
     	<name>LkpArticulos</name>
     	<uri>/Jsp/LkpArticulos.jsp</uri>
     	<useForward>false</useForward>
     	<secure>false</secure>
  	</entry>

	<entry>
     	<name>AbmcCadenasAprobacion</name>
    	<uri>/Jsp/AbmcCadenasAprobacion.jsp</uri>
		<useForward>false</useForward>
		<secure>false</secure>
	</entry>

	<entry>
    	<name>LkpFirmantes</name>
     	<uri>/Jsp/LkpFirmantes.jsp</uri>
     	<useForward>false</useForward>
     	<secure>false</secure>
  	</entry>

	<entry>
     <name>LkpTareasProyecto</name>
     <uri>/Jsp/LkpTareasProyecto.jsp</uri>
     <useForward>false</useForward>
     <secure>false</secure>
  </entry>
  
	<entry>
     <name>LkpCentroCosto</name>
     <uri>/Jsp/LkpCentroCosto.jsp</uri>
     <useForward>false</useForward>
     <secure>false</secure>
  </entry>

	<entry>
     <name>LkpProyectos</name>
     <uri>/Jsp/LkpProyectos.jsp</uri>
     <useForward>false</useForward>
     <secure>false</secure>
  </entry>
  <entry>
     <name>AbmcSolicitudCompra</name>
     <uri>/Jsp/AbmcSolicitudCompra.jsp</uri>
     <useForward>false</useForward>
     <secure>false</secure>
  </entry>
  <entry>
     <name>ConsultaSolicitudCompra</name>
     <uri>/Jsp/ConsultaSolicitudCompra.jsp</uri>
     <useForward>false</useForward>
     <secure>false</secure>
  </entry>
  <entry>
     <name>AbmcCentroCosto</name>
     <uri>/Jsp/AbmcCentroCosto.jsp</uri>
     <useForward>false</useForward>
     <secure>false</secure>
  </entry>

  <entry>
     <name>AbmcTipoMovimientoArticulo</name>
     <uri>/Jsp/AbmcTipoMovimientoArticulo.jsp</uri>
     <useForward>false</useForward>
     <secure>false</secure>
  </entry>

  <entry>
     <name>AbmcAlmacenes</name>
     <uri>/Jsp/AbmcAlmacenes.jsp</uri>
     <useForward>false</useForward>
     <secure>false</secure>
  </entry>

  <entry>
     <name>ConfigurarInventario</name>
     <uri>/Jsp/ConfigurarInventario.jsp</uri>
     <useForward>false</useForward>
     <secure>false</secure>
  </entry>
  
  <entry>
     <name>AbmcAtributoArticulo</name>
     <uri>../infraestructura/Jsp/AbmcAtributoGenerico.jsp</uri>
     <useForward>false</useForward>
     <secure>false</secure>
  </entry>

  <entry>
     <name>ConsultaArticulos</name>
     <uri>/Jsp/ConsultaArticulos.jsp</uri>
     <useForward>false</useForward>
     <secure>false</secure>
  </entry>

  <entry>
     <name>LkpClaseArticulo</name>
     <uri>/Jsp/LkpClaseArticulo.jsp</uri>
     <useForward>false</useForward>
     <secure>false</secure>
  </entry>

  <entry>
     <name>AbmcArticulo</name>
     <uri>/Jsp/AbmcArticulo.jsp</uri>
     <useForward>false</useForward>
     <secure>false</secure>
  </entry>

  <entry>
     <name>AbmcClaseArticulo</name>
     <uri>/Jsp/AbmcClaseArticulo.jsp</uri>
     <useForward>false</useForward>
     <secure>false</secure>
  </entry>

  <entry>
     <name>MenuInventario</name>
     <uri>/Jsp/MenuInventario.jsp</uri>
     <useForward>false</useForward>
     <secure>false</secure>
  </entry>

  <entry>
     <name>About</name>
     <uri>/../infraestructura/Jsp/AboutPage.jsp</uri>
     <useForward>false</useForward>
     <secure>false</secure>
  </entry>

  <entry>
     <name>HomePage</name>
     <uri>/../infraestructura/Jsp/HomePage.jsp</uri>
     <useForward>false</useForward>
     <secure>false</secure>
  </entry>

  <entry>
     <name>LkpWebSiteUsers</name>
     <uri>/../infraestructura/Jsp/LkpWebSiteUsers.jsp</uri>
     <useForward>false</useForward>
     <secure>false</secure>
  </entry>

  <entry>
     <name>Login</name>
     <uri>/../infraestructura/Jsp/LoginPage.jsp</uri>
     <useForward>false</useForward>
     <secure>true</secure>
  </entry>

  <entry>
     <name>Options</name>
     <uri>/../infraestructura/Jsp/OptionsPage.jsp</uri>
     <useForward>false</useForward>
     <secure>false</secure>
  </entry>

  <entry>
     <name>Ayuda</name>
     <uri>/Html/guiUsusrio.html</uri>
     <useForward>false</useForward>
     <secure>false</secure>
  </entry>

  <entry>
     <name>Home</name>
     <uri>http://www.xxxxx.xxx.ar</uri>
     <useForward>false</useForward>
     <secure>false</secure>
  </entry>

  <entry>
     <name>ImageDirectory</name>
     <uri>/../infraestructura/Jsp/images/</uri>
     <useForward>false</useForward>
     <secure>false</secure>
  </entry>

  <entry>
     <name>SessionExpired</name>
     <uri>/../infraestructura/Jsp/SessionExpired.jsp</uri>
     <useForward>false</useForward>
     <secure>false</secure>
  </entry>

  <entry>
     <name>PageExpired</name>
     <uri>/../infraestructura/Jsp/PageExpired.jsp</uri>
     <useForward>false</useForward>
     <secure>false</secure>
  </entry>

  <entry>
     <name>DbConnectError</name>
     <uri>/../infraestructura/Jsp/DBConnectError.jsp</uri>
     <useForward>false</useForward>
     <secure>false</secure>
  </entry>

  <entry>
     <name>UsuarioInvalidoError</name>
     <uri>/../infraestructura/Jsp/UsuarioInvalidoError.jsp</uri>
     <useForward>false</useForward>
     <secure>false</secure>
  </entry>

  <entry>
     <name>Birt</name>
     <uri>/birt</uri>
     <useForward>false</useForward>
     <secure>false</secure>
  </entry>

</siteMap>
